Using network 'development'.


Compiling your contracts...
===========================
> Everything is up to date, there is nothing to compile.


[0m[0m
[0m  Contract: Privatesale[0m

Test Payment#0
-------------------------------------------------------------------------------------------------------------------
╔═════════════════════════════════════╤════════════════════════════════╤════════════════════════════════╗
║ NAME                                │                            WEI │                         SYMBOL ║
╟─────────────────────────────────────┼────────────────────────────────┼────────────────────────────────╢
║ rate                                │           15040000000000000000 │         15.0400000000 PTON/ETH ║
╟─────────────────────────────────────┼────────────────────────────────┼────────────────────────────────╢
║                                     │                                │                                ║
╟─────────────────────────────────────┼────────────────────────────────┼────────────────────────────────╢
║ test payment (0.03 ETH)             │              30000000000000000 │               0.0300000000 ETH ║
╟─────────────────────────────────────┼────────────────────────────────┼────────────────────────────────╢
║ rest of cap                         │          599970000000000000000 │             599.9700000000 ETH ║
╟─────────────────────────────────────┼────────────────────────────────┼────────────────────────────────╢
║ cap                                 │          600000000000000000000 │             600.0000000000 ETH ║
╟─────────────────────────────────────┼────────────────────────────────┼────────────────────────────────╢
║                                     │                                │                                ║
╟─────────────────────────────────────┼────────────────────────────────┼────────────────────────────────╢
║ PTON for test payment (0.03 ETH)    │             451200000000000000 │              0.4512000000 PTON ║
╟─────────────────────────────────────┼────────────────────────────────┼────────────────────────────────╢
║ PTON for rest of cap                │         9023548800000000000000 │           9023.5488000000 PTON ║
╟─────────────────────────────────────┼────────────────────────────────┼────────────────────────────────╢
║ PTON for cap                        │         9024000000000000000000 │           9024.0000000000 PTON ║
╚═════════════════════════════════════╧════════════════════════════════╧════════════════════════════════╝

╔═══════════════════════════╤══════════════════════════════════════════╗
║ Funded ETH                │                       600.0000000000 ETH ║
╟───────────────────────────┼──────────────────────────────────────────╢
║ Trasnered PTON            │                     9024.0000000000 PTON ║
╚═══════════════════════════╧══════════════════════════════════════════╝


Test Payment#1
-------------------------------------------------------------------------------------------------------------------
╔═════════════════════════════════════╤════════════════════════════════╤════════════════════════════════╗
║ NAME                                │                            WEI │                         SYMBOL ║
╟─────────────────────────────────────┼────────────────────────────────┼────────────────────────────────╢
║ rate                                │           15040000000000000000 │         15.0400000000 PTON/ETH ║
╟─────────────────────────────────────┼────────────────────────────────┼────────────────────────────────╢
║                                     │                                │                                ║
╟─────────────────────────────────────┼────────────────────────────────┼────────────────────────────────╢
║ test payment (0.03 ETH)             │              30000000000000000 │               0.0300000000 ETH ║
╟─────────────────────────────────────┼────────────────────────────────┼────────────────────────────────╢
║ rest of cap                         │          717350000000000000000 │             717.3500000000 ETH ║
╟─────────────────────────────────────┼────────────────────────────────┼────────────────────────────────╢
║ cap                                 │          717380000000000000000 │             717.3800000000 ETH ║
╟─────────────────────────────────────┼────────────────────────────────┼────────────────────────────────╢
║                                     │                                │                                ║
╟─────────────────────────────────────┼────────────────────────────────┼────────────────────────────────╢
║ PTON for test payment (0.03 ETH)    │             451200000000000000 │              0.4512000000 PTON ║
╟─────────────────────────────────────┼────────────────────────────────┼────────────────────────────────╢
║ PTON for rest of cap                │        10788944000000000000000 │          10788.9440000000 PTON ║
╟─────────────────────────────────────┼────────────────────────────────┼────────────────────────────────╢
║ PTON for cap                        │        10789395200000000000000 │          10789.3952000000 PTON ║
╚═════════════════════════════════════╧════════════════════════════════╧════════════════════════════════╝

╔═══════════════════════════╤══════════════════════════════════════════╗
║ Funded ETH                │                       717.3800000000 ETH ║
╟───────────────────────────┼──────────────────────────────────────────╢
║ Trasnered PTON            │                    10789.3952000000 PTON ║
╚═══════════════════════════╧══════════════════════════════════════════╝


Test Payment#2
-------------------------------------------------------------------------------------------------------------------
╔═════════════════════════════════════╤════════════════════════════════╤════════════════════════════════╗
║ NAME                                │                            WEI │                         SYMBOL ║
╟─────────────────────────────────────┼────────────────────────────────┼────────────────────────────────╢
║ rate                                │           15040000000000000000 │         15.0400000000 PTON/ETH ║
╟─────────────────────────────────────┼────────────────────────────────┼────────────────────────────────╢
║                                     │                                │                                ║
╟─────────────────────────────────────┼────────────────────────────────┼────────────────────────────────╢
║ test payment (0.03 ETH)             │              30000000000000000 │               0.0300000000 ETH ║
╟─────────────────────────────────────┼────────────────────────────────┼────────────────────────────────╢
║ rest of cap                         │          499970000000000000000 │             499.9700000000 ETH ║
╟─────────────────────────────────────┼────────────────────────────────┼────────────────────────────────╢
║ cap                                 │          500000000000000000000 │             500.0000000000 ETH ║
╟─────────────────────────────────────┼────────────────────────────────┼────────────────────────────────╢
║                                     │                                │                                ║
╟─────────────────────────────────────┼────────────────────────────────┼────────────────────────────────╢
║ PTON for test payment (0.03 ETH)    │             451200000000000000 │              0.4512000000 PTON ║
╟─────────────────────────────────────┼────────────────────────────────┼────────────────────────────────╢
║ PTON for rest of cap                │         7519548800000000000000 │           7519.5488000000 PTON ║
╟─────────────────────────────────────┼────────────────────────────────┼────────────────────────────────╢
║ PTON for cap                        │         7520000000000000000000 │           7520.0000000000 PTON ║
╚═════════════════════════════════════╧════════════════════════════════╧════════════════════════════════╝

╔═══════════════════════════╤══════════════════════════════════════════╗
║ Funded ETH                │                       500.0000000000 ETH ║
╟───────────────────────────┼──────────────────────────────────────────╢
║ Trasnered PTON            │                     7520.0000000000 PTON ║
╚═══════════════════════════╧══════════════════════════════════════════╝


Test Payment#3
-------------------------------------------------------------------------------------------------------------------
╔═════════════════════════════════════╤════════════════════════════════╤════════════════════════════════╗
║ NAME                                │                            WEI │                         SYMBOL ║
╟─────────────────────────────────────┼────────────────────────────────┼────────────────────────────────╢
║ rate                                │           15040000000000000000 │         15.0400000000 PTON/ETH ║
╟─────────────────────────────────────┼────────────────────────────────┼────────────────────────────────╢
║                                     │                                │                                ║
╟─────────────────────────────────────┼────────────────────────────────┼────────────────────────────────╢
║ test payment (0.03 ETH)             │              30000000000000000 │               0.0300000000 ETH ║
╟─────────────────────────────────────┼────────────────────────────────┼────────────────────────────────╢
║ rest of cap                         │          499970000000000000000 │             499.9700000000 ETH ║
╟─────────────────────────────────────┼────────────────────────────────┼────────────────────────────────╢
║ cap                                 │          500000000000000000000 │             500.0000000000 ETH ║
╟─────────────────────────────────────┼────────────────────────────────┼────────────────────────────────╢
║                                     │                                │                                ║
╟─────────────────────────────────────┼────────────────────────────────┼────────────────────────────────╢
║ PTON for test payment (0.03 ETH)    │             451200000000000000 │              0.4512000000 PTON ║
╟─────────────────────────────────────┼────────────────────────────────┼────────────────────────────────╢
║ PTON for rest of cap                │         7519548800000000000000 │           7519.5488000000 PTON ║
╟─────────────────────────────────────┼────────────────────────────────┼────────────────────────────────╢
║ PTON for cap                        │         7520000000000000000000 │           7520.0000000000 PTON ║
╚═════════════════════════════════════╧════════════════════════════════╧════════════════════════════════╝

╔═══════════════════════════╤══════════════════════════════════════════╗
║ Funded ETH                │                       500.0000000000 ETH ║
╟───────────────────────────┼──────────────────────────────────────────╢
║ Trasnered PTON            │                     7520.0000000000 PTON ║
╚═══════════════════════════╧══════════════════════════════════════════╝


Test Payment#4
-------------------------------------------------------------------------------------------------------------------
╔═════════════════════════════════════╤════════════════════════════════╤════════════════════════════════╗
║ NAME                                │                            WEI │                         SYMBOL ║
╟─────────────────────────────────────┼────────────────────────────────┼────────────────────────────────╢
║ rate                                │           15040000000000000000 │         15.0400000000 PTON/ETH ║
╟─────────────────────────────────────┼────────────────────────────────┼────────────────────────────────╢
║                                     │                                │                                ║
╟─────────────────────────────────────┼────────────────────────────────┼────────────────────────────────╢
║ test payment (0.03 ETH)             │              30000000000000000 │               0.0300000000 ETH ║
╟─────────────────────────────────────┼────────────────────────────────┼────────────────────────────────╢
║ rest of cap                         │          342170000000000000000 │             342.1700000000 ETH ║
╟─────────────────────────────────────┼────────────────────────────────┼────────────────────────────────╢
║ cap                                 │          342200000000000000000 │             342.2000000000 ETH ║
╟─────────────────────────────────────┼────────────────────────────────┼────────────────────────────────╢
║                                     │                                │                                ║
╟─────────────────────────────────────┼────────────────────────────────┼────────────────────────────────╢
║ PTON for test payment (0.03 ETH)    │             451200000000000000 │              0.4512000000 PTON ║
╟─────────────────────────────────────┼────────────────────────────────┼────────────────────────────────╢
║ PTON for rest of cap                │         5146236800000000000000 │           5146.2368000000 PTON ║
╟─────────────────────────────────────┼────────────────────────────────┼────────────────────────────────╢
║ PTON for cap                        │         5146688000000000000000 │           5146.6880000000 PTON ║
╚═════════════════════════════════════╧════════════════════════════════╧════════════════════════════════╝

╔═══════════════════════════╤══════════════════════════════════════════╗
║ Funded ETH                │                       342.2000000000 ETH ║
╟───────────────────────────┼──────────────────────────────────────────╢
║ Trasnered PTON            │                     5146.6880000000 PTON ║
╚═══════════════════════════╧══════════════════════════════════════════╝


Test Payment#5
-------------------------------------------------------------------------------------------------------------------
╔═════════════════════════════════════╤════════════════════════════════╤════════════════════════════════╗
║ NAME                                │                            WEI │                         SYMBOL ║
╟─────────────────────────────────────┼────────────────────────────────┼────────────────────────────────╢
║ rate                                │           15319200000000000000 │         15.3192000000 PTON/ETH ║
╟─────────────────────────────────────┼────────────────────────────────┼────────────────────────────────╢
║                                     │                                │                                ║
╟─────────────────────────────────────┼────────────────────────────────┼────────────────────────────────╢
║ test payment (0.03 ETH)             │              30000000000000000 │               0.0300000000 ETH ║
╟─────────────────────────────────────┼────────────────────────────────┼────────────────────────────────╢
║ rest of cap                         │          783300722230926000000 │             783.3007222309 ETH ║
╟─────────────────────────────────────┼────────────────────────────────┼────────────────────────────────╢
║ cap                                 │          783330722230926000000 │             783.3307222309 ETH ║
╟─────────────────────────────────────┼────────────────────────────────┼────────────────────────────────╢
║                                     │                                │                                ║
╟─────────────────────────────────────┼────────────────────────────────┼────────────────────────────────╢
║ PTON for test payment (0.03 ETH)    │             459576000000000000 │              0.4595760000 PTON ║
╟─────────────────────────────────────┼────────────────────────────────┼────────────────────────────────╢
║ PTON for rest of cap                │        11999540424000001579200 │          11999.5404240000 PTON ║
╟─────────────────────────────────────┼────────────────────────────────┼────────────────────────────────╢
║ PTON for cap                        │        12000000000000000000000 │          12000.0000000000 PTON ║
╚═════════════════════════════════════╧════════════════════════════════╧════════════════════════════════╝

╔═══════════════════════════╤══════════════════════════════════════════╗
║ Funded ETH                │                       783.3307222309 ETH ║
╟───────────────────────────┼──────────────────────────────────────────╢
║ Trasnered PTON            │                    12000.0000000000 PTON ║
╚═══════════════════════════╧══════════════════════════════════════════╝


Test Payment#6
-------------------------------------------------------------------------------------------------------------------
╔═════════════════════════════════════╤════════════════════════════════╤════════════════════════════════╗
║ NAME                                │                            WEI │                         SYMBOL ║
╟─────────────────────────────────────┼────────────────────────────────┼────────────────────────────────╢
║ rate                                │           15126400000000000000 │         15.1264000000 PTON/ETH ║
╟─────────────────────────────────────┼────────────────────────────────┼────────────────────────────────╢
║                                     │                                │                                ║
╟─────────────────────────────────────┼────────────────────────────────┼────────────────────────────────╢
║ test payment (0.03 ETH)             │              30000000000000000 │               0.0300000000 ETH ║
╟─────────────────────────────────────┼────────────────────────────────┼────────────────────────────────╢
║ rest of cap                         │          317293331923000000000 │             317.2933319230 ETH ║
╟─────────────────────────────────────┼────────────────────────────────┼────────────────────────────────╢
║ cap                                 │          317323331923000000000 │             317.3233319230 ETH ║
╟─────────────────────────────────────┼────────────────────────────────┼────────────────────────────────╢
║                                     │                                │                                ║
╟─────────────────────────────────────┼────────────────────────────────┼────────────────────────────────╢
║ PTON for test payment (0.03 ETH)    │             453792000000000000 │              0.4537920000 PTON ║
╟─────────────────────────────────────┼────────────────────────────────┼────────────────────────────────╢
║ PTON for rest of cap                │         4799505856000067200000 │           4799.5058560001 PTON ║
╟─────────────────────────────────────┼────────────────────────────────┼────────────────────────────────╢
║ PTON for cap                        │         4799959648000000000000 │           4799.9596480000 PTON ║
╚═════════════════════════════════════╧════════════════════════════════╧════════════════════════════════╝

╔═══════════════════════════╤══════════════════════════════════════════╗
║ Funded ETH                │                       317.3233319230 ETH ║
╟───────────────────────────┼──────────────────────────────────────────╢
║ Trasnered PTON            │                     4799.9596480001 PTON ║
╚═══════════════════════════╧══════════════════════════════════════════╝


Test Payment#7
-------------------------------------------------------------------------------------------------------------------
╔═════════════════════════════════════╤════════════════════════════════╤════════════════════════════════╗
║ NAME                                │                            WEI │                         SYMBOL ║
╟─────────────────────────────────────┼────────────────────────────────┼────────────────────────────────╢
║ rate                                │           15126400000000000000 │         15.1264000000 PTON/ETH ║
╟─────────────────────────────────────┼────────────────────────────────┼────────────────────────────────╢
║                                     │                                │                                ║
╟─────────────────────────────────────┼────────────────────────────────┼────────────────────────────────╢
║ test payment (0.03 ETH)             │              30000000000000000 │               0.0300000000 ETH ║
╟─────────────────────────────────────┼────────────────────────────────┼────────────────────────────────╢
║ rest of cap                         │          740400000000000000000 │             740.4000000000 ETH ║
╟─────────────────────────────────────┼────────────────────────────────┼────────────────────────────────╢
║ cap                                 │          740430000000000000000 │             740.4300000000 ETH ║
╟─────────────────────────────────────┼────────────────────────────────┼────────────────────────────────╢
║                                     │                                │                                ║
╟─────────────────────────────────────┼────────────────────────────────┼────────────────────────────────╢
║ PTON for test payment (0.03 ETH)    │             453792000000000000 │              0.4537920000 PTON ║
╟─────────────────────────────────────┼────────────────────────────────┼────────────────────────────────╢
║ PTON for rest of cap                │        11199586560000000000000 │          11199.5865600000 PTON ║
╟─────────────────────────────────────┼────────────────────────────────┼────────────────────────────────╢
║ PTON for cap                        │        11200040352000000000000 │          11200.0403520000 PTON ║
╚═════════════════════════════════════╧════════════════════════════════╧════════════════════════════════╝

╔═══════════════════════════╤══════════════════════════════════════════╗
║ Funded ETH                │                       740.4300000000 ETH ║
╟───────────────────────────┼──────────────────────────────────────────╢
║ Trasnered PTON            │                    11200.0403520000 PTON ║
╚═══════════════════════════╧══════════════════════════════════════════╝


Test Payment#8
-------------------------------------------------------------------------------------------------------------------
╔═════════════════════════════════════╤════════════════════════════════╤════════════════════════════════╗
║ NAME                                │                            WEI │                         SYMBOL ║
╟─────────────────────────────────────┼────────────────────────────────┼────────────────────────────────╢
║ rate                                │           11845987020091200000 │         11.8459870201 PTON/ETH ║
╟─────────────────────────────────────┼────────────────────────────────┼────────────────────────────────╢
║                                     │                                │                                ║
╟─────────────────────────────────────┼────────────────────────────────┼────────────────────────────────╢
║ test payment (0.03 ETH)             │              30000000000000000 │               0.0300000000 ETH ║
╟─────────────────────────────────────┼────────────────────────────────┼────────────────────────────────╢
║ rest of cap                         │          675304185866635000000 │             675.3041858666 ETH ║
╟─────────────────────────────────────┼────────────────────────────────┼────────────────────────────────╢
║ cap                                 │          675334185866635000000 │             675.3341858666 ETH ║
╟─────────────────────────────────────┼────────────────────────────────┼────────────────────────────────╢
║                                     │                                │                                ║
╟─────────────────────────────────────┼────────────────────────────────┼────────────────────────────────╢
║ PTON for test payment (0.03 ETH)    │             355379610602736000 │              0.3553796106 PTON ║
╟─────────────────────────────────────┼────────────────────────────────┼────────────────────────────────╢
║ PTON for rest of cap                │         7999644620389413402828 │           7999.6446203894 PTON ║
╟─────────────────────────────────────┼────────────────────────────────┼────────────────────────────────╢
║ PTON for cap                        │         8000000000000000000000 │           8000.0000000000 PTON ║
╚═════════════════════════════════════╧════════════════════════════════╧════════════════════════════════╝

╔═══════════════════════════╤══════════════════════════════════════════╗
║ Funded ETH                │                       675.3341858666 ETH ║
╟───────────────────────────┼──────────────────────────────────────────╢
║ Trasnered PTON            │                     8000.0000000000 PTON ║
╚═══════════════════════════╧══════════════════════════════════════════╝

Payments Summary
-------------------------------------------------------------------------------------------------------------------
╔═══════════════════════════╤══════════════════════════════════════════╗
║ Funded ETH                │                      5175.9982400206 ETH ║
╟───────────────────────────┼──────────────────────────────────────────╢
║ Trasnered PTON            │                    76000.0832000001 PTON ║
╟───────────────────────────┼──────────────────────────────────────────╢
║ Trasnered PTON (%)        │                                      33% ║
╚═══════════════════════════╧══════════════════════════════════════════╝

  [32m  ✓[0m[90m should accept payments[0m[31m (4536ms)[0m
[0m    permissions[0m
    [32m  ✓[0m[90m only owner can call setCapAndPrice[0m[31m (170ms)[0m
    [32m  ✓[0m[90m only owner can call setCap[0m[31m (100ms)[0m
    [32m  ✓[0m[90m only owner can call addWhitelisted[0m[31m (120ms)[0m
    [32m  ✓[0m[90m only owner can call setPrice[0m[31m (111ms)[0m
[0m    payment validation[0m
    [32m  ✓[0m[90m cannot buy tokens before whitelisted[0m[31m (174ms)[0m
    [32m  ✓[0m[90m cannot buy tokens before cap set[0m[31m (178ms)[0m
    [32m  ✓[0m[90m cannot buy tokens before price set[0m[31m (153ms)[0m
    [32m  ✓[0m[90m can buy tokens with the exact amount of cap[0m[31m (200ms)[0m
    [32m  ✓[0m[90m cannot buy tokens with amount more than individual cap[0m[31m (240ms)[0m
    [32m  ✓[0m[90m cannot buy tokens with amount less than individual cap[0m[31m (242ms)[0m
    [32m  ✓[0m[90m can buy tokens with 0.03 ether and the rest of the cap[0m[31m (420ms)[0m
[0m    price precision[0m
    [32m  ✓[0m[90m token amount must be well calculated with (rate=10.1500000000 PTON/ETH, cap=300.0000000000 ETH)[0m[31m (202ms)[0m
    [32m  ✓[0m[90m token amount must be well calculated with (rate=20.0000000000 PTON/ETH, cap=600.0000000000 ETH)[0m[31m (270ms)[0m
    [32m  ✓[0m[90m token amount must be well calculated with (rate=11.0000000000 PTON/ETH, cap=929.0000000000 ETH)[0m[31m (293ms)[0m
    [32m  ✓[0m[90m token amount must be well calculated with (rate=28.0000000000 PTON/ETH, cap=793.0000000000 ETH)[0m[31m (207ms)[0m
    [32m  ✓[0m[90m token amount must be well calculated with (rate=98.0000000000 PTON/ETH, cap=51.0000000000 ETH)[0m[31m (193ms)[0m
    [32m  ✓[0m[90m token amount must be well calculated with (rate=81.0000000000 PTON/ETH, cap=15.0000000000 ETH)[0m[31m (306ms)[0m
    [32m  ✓[0m[90m token amount must be well calculated with (rate=24.0000000000 PTON/ETH, cap=159.0000000000 ETH)[0m[31m (258ms)[0m
    [32m  ✓[0m[90m token amount must be well calculated with (rate=57.0000000000 PTON/ETH, cap=44.0000000000 ETH)[0m[31m (383ms)[0m
    [32m  ✓[0m[90m token amount must be well calculated with (rate=90.0000000000 PTON/ETH, cap=285.0000000000 ETH)[0m[31m (338ms)[0m
    [32m  ✓[0m[90m token amount must be well calculated with (rate=62.0000000000 PTON/ETH, cap=128.0000000000 ETH)[0m[31m (349ms)[0m
    [32m  ✓[0m[90m token amount must be well calculated with (rate=1.0000000000 PTON/ETH, cap=741.0000000000 ETH)[0m[31m (397ms)[0m
    [32m  ✓[0m[90m token amount must be well calculated with (rate=64.0000000000 PTON/ETH, cap=743.0000000000 ETH)[0m[31m (358ms)[0m
    [32m  ✓[0m[90m token amount must be well calculated with (rate=90.0000000000 PTON/ETH, cap=249.0000000000 ETH)[0m[31m (201ms)[0m


[92m [0m[32m 25 passing[0m[90m (19s)[0m

